// Jest Snapshot v1, https://goo.gl/fbAQLP

exports[`PlayerForm should render without exploding 1`] = `
<div
  className="form-container"
>
  <div
    className="input-group"
  >
    <label>
      Player one name:
    </label>
    <input
      name="player-one"
      onChange={[Function]}
      onKeyPress={[Function]}
      value=""
    />
  </div>
  <div
    className="input-group"
  >
    <label>
      Player two name:
    </label>
    <input
      name="player-two"
      onChange={[Function]}
      onKeyPress={[Function]}
      value=""
    />
  </div>
  <div
    className="button-row"
  >
    <Button
      label="Start Game"
      onClick={[Function]}
    />
  </div>
</div>
`;

exports[`PlayerForm should render without exploding 2`] = `
<div
  className="form-container"
>
  <div
    className="input-group"
  >
    <label>
      Player one name:
    </label>
    <input
      name="player-one"
      onChange={[Function]}
      onKeyPress={[Function]}
      value=""
    />
  </div>
  <div
    className="input-group"
  >
    <label>
      Player two name:
    </label>
    <input
      name="player-two"
      onChange={[Function]}
      onKeyPress={[Function]}
      value=""
    />
  </div>
  <div
    className="button-row"
  >
    <Button
      label="Start Game"
      onClick={[Function]}
    />
  </div>
</div>
`;
